[INFO] Scanning for projects...
[INFO] 
[INFO] --------------------------< com.wojet:pmtool >--------------------------
[INFO] Building pmtool 0.0.1-SNAPSHOT
[INFO]   from pom.xml
[INFO] --------------------------------[ jar ]---------------------------------
[INFO] 
[INFO] >>> spring-boot:3.4.5:run (default-cli) > test-compile @ pmtool >>>
[INFO] 
[INFO] --- resources:3.3.1:resources (default-resources) @ pmtool ---
[INFO] Skipping the execution.
[INFO] 
[INFO] --- compiler:3.13.0:compile (default-compile) @ pmtool ---
[WARNING] Error while writing new mojo status: C:\repos\wpm\pmtool_be\target\maven-status\maven-compiler-plugin\compile\default-compile\inputFiles.lst
[INFO] Nothing to compile - all classes are up to date.
[INFO] 
[INFO] --- resources:3.3.1:testResources (default-testResources) @ pmtool ---
[INFO] Copying 1 resource from src\test\resources to target\test-classes
[INFO] 
[INFO] --- compiler:3.13.0:testCompile (default-testCompile) @ pmtool ---
[WARNING] Error while writing new mojo status: C:\repos\wpm\pmtool_be\target\maven-status\maven-compiler-plugin\testCompile\default-testCompile\inputFiles.lst
[INFO] Nothing to compile - all classes are up to date.
[INFO] 
[INFO] <<< spring-boot:3.4.5:run (default-cli) < test-compile @ pmtool <<<
[INFO] 
[INFO] 
[INFO] --- spring-boot:3.4.5:run (default-cli) @ pmtool ---
[INFO] Attaching agents: []

  .   ____          _            __ _ _
 /\\ / ___'_ __ _ _(_)_ __  __ _ \ \ \ \
( ( )\___ | '_ | '_| | '_ \/ _` | \ \ \ \
 \\/  ___)| |_)| | | | | || (_| |  ) ) ) )
  '  |____| .__|_| |_|_| |_\__, | / / / /
 =========|_|==============|___/=/_/_/_/

 :: Spring Boot ::                (v3.4.5)

2026-08-31T15:58:43.785-04:00  INFO 3888 --- [wojetpmtool] [  restartedMain] com.wojet.pmtool.PmtoolApplication       : Starting PmtoolApplication using Java 17.0.15 with PID 3888 (C:\repos\wpm\pmtool_be\target\classes started by Worku in C:\repos\wpm\pmtool_be)
2026-08-31T15:58:43.796-04:00  INFO 3888 --- [wojetpmtool] [  restartedMain] com.wojet.pmtool.PmtoolApplication       : No active profile set, falling back to 1 default profile: "default"
2026-08-31T15:58:43.947-04:00  INFO 3888 --- [wojetpmtool] [  restartedMain] .e.DevToolsPropertyDefaultsPostProcessor : Devtools property defaults active! Set 'spring.devtools.add-properties' to 'false' to disable
2026-08-31T15:58:43.948-04:00  INFO 3888 --- [wojetpmtool] [  restartedMain] .e.DevToolsPropertyDefaultsPostProcessor : For additional web related logging consider setting the 'logging.level.web' property to 'DEBUG'
2026-08-31T15:58:46.353-04:00  INFO 3888 --- [wojetpmtool] [  restartedMain] o.s.b.f.s.DefaultListableBeanFactory     : Overriding bean definition for bean 'jpaAuditingHandler' with an equivalent definition: replacing [Root bean: class=org.springframework.data.auditing.AuditingHandler; scope=; abstract=false; lazyInit=null; autowireMode=2; dependencyCheck=0; autowireCandidate=true; primary=false; fallback=false; factoryBeanName=null; factoryMethodName=from; initMethodNames=null; destroyMethodNames=null] with [Root bean: class=org.springframework.data.auditing.AuditingHandler; scope=; abstract=false; lazyInit=null; autowireMode=2; dependencyCheck=0; autowireCandidate=true; primary=false; fallback=false; factoryBeanName=null; factoryMethodName=from; initMethodNames=null; destroyMethodNames=null]
2026-08-31T15:58:46.354-04:00  INFO 3888 --- [wojetpmtool] [  restartedMain] o.s.b.f.s.DefaultListableBeanFactory     : Overriding bean definition for bean 'org.springframework.data.jpa.domain.support.AuditingEntityListener' with an equivalent definition: replacing [Root bean: class=org.springframework.data.jpa.domain.support.AuditingEntityListener; scope=; abstract=false; lazyInit=null; autowireMode=0; dependencyCheck=0; autowireCandidate=true; primary=false; fallback=false; factoryBeanName=null; factoryMethodName=null; initMethodNames=null; destroyMethodNames=null] with [Root bean: class=org.springframework.data.jpa.domain.support.AuditingEntityListener; scope=; abstract=false; lazyInit=null; autowireMode=0; dependencyCheck=0; autowireCandidate=true; primary=false; fallback=false; factoryBeanName=null; factoryMethodName=null; initMethodNames=null; destroyMethodNames=null]
2026-08-31T15:58:46.357-04:00  INFO 3888 --- [wojetpmtool] [  restartedMain] o.s.b.f.s.DefaultListableBeanFactory     : Overriding bean definition for bean 'org.springframework.data.jpa.domain.support.AuditingBeanFactoryPostProcessor' with an equivalent definition: replacing [Root bean: class=org.springframework.data.jpa.domain.support.AuditingBeanFactoryPostProcessor; scope=; abstract=false; lazyInit=null; autowireMode=0; dependencyCheck=0; autowireCandidate=true; primary=false; fallback=false; factoryBeanName=null; factoryMethodName=null; initMethodNames=null; destroyMethodNames=null] with [Root bean: class=org.springframework.data.jpa.domain.support.AuditingBeanFactoryPostProcessor; scope=; abstract=false; lazyInit=null; autowireMode=0; dependencyCheck=0; autowireCandidate=true; primary=false; fallback=false; factoryBeanName=null; factoryMethodName=null; initMethodNames=null; destroyMethodNames=null]
2026-08-31T15:58:47.452-04:00  INFO 3888 --- [wojetpmtool] [  restartedMain] .s.d.r.c.RepositoryConfigurationDelegate : Bootstrapping Spring Data JPA repositories in DEFAULT mode.
2026-08-31T15:58:47.713-04:00  INFO 3888 --- [wojetpmtool] [  restartedMain] .s.d.r.c.RepositoryConfigurationDelegate : Finished Spring Data repository scanning in 237 ms. Found 4 JPA repository interfaces.
2026-08-31T15:58:59.233-04:00  INFO 3888 --- [wojetpmtool] [  restartedMain] o.s.b.w.embedded.tomcat.TomcatWebServer  : Tomcat initialized with port 8080 (http)
2026-08-31T15:58:59.270-04:00  INFO 3888 --- [wojetpmtool] [  restartedMain] o.apache.catalina.core.StandardService   : Starting service [Tomcat]
2026-08-31T15:58:59.272-04:00  INFO 3888 --- [wojetpmtool] [  restartedMain] o.apache.catalina.core.StandardEngine    : Starting Servlet engine: [Apache Tomcat/10.1.40]
2026-08-31T15:58:59.447-04:00  INFO 3888 --- [wojetpmtool] [  restartedMain] o.a.c.c.C.[Tomcat].[localhost].[/]       : Initializing Spring embedded WebApplicationContext
2026-08-31T15:58:59.451-04:00  INFO 3888 --- [wojetpmtool] [  restartedMain] w.s.c.ServletWebServerApplicationContext : Root WebApplicationContext: initialization completed in 15498 ms
2026-08-31T15:59:01.486-04:00  INFO 3888 --- [wojetpmtool] [  restartedMain] com.zaxxer.hikari.HikariDataSource       : HikariPool-1 - Starting...
2026-08-31T15:59:02.176-04:00  INFO 3888 --- [wojetpmtool] [  restartedMain] com.zaxxer.hikari.pool.HikariPool        : HikariPool-1 - Added connection org.postgresql.jdbc.PgConnection@34f03e19
2026-08-31T15:59:02.182-04:00  INFO 3888 --- [wojetpmtool] [  restartedMain] com.zaxxer.hikari.HikariDataSource       : HikariPool-1 - Start completed.
2026-08-31T15:59:02.274-04:00  INFO 3888 --- [wojetpmtool] [  restartedMain] org.flywaydb.core.FlywayExecutor         : Database: jdbc:postgresql://localhost:55432/pmtool (PostgreSQL 17.11)
2026-08-31T15:59:02.421-04:00  INFO 3888 --- [wojetpmtool] [  restartedMain] o.f.c.i.s.JdbcTableSchemaHistory         : Schema history table "public"."flyway_schema_history" does not exist yet
2026-08-31T15:59:02.433-04:00  INFO 3888 --- [wojetpmtool] [  restartedMain] o.f.core.internal.command.DbValidate     : Successfully validated 1 migration (execution time 00:00.058s)
2026-08-31T15:59:02.527-04:00  INFO 3888 --- [wojetpmtool] [  restartedMain] o.f.c.i.s.JdbcTableSchemaHistory         : Creating Schema History table "public"."flyway_schema_history" ...
2026-08-31T15:59:02.698-04:00  INFO 3888 --- [wojetpmtool] [  restartedMain] o.f.core.internal.command.DbMigrate      : Current version of schema "public": << Empty Schema >>
2026-08-31T15:59:02.749-04:00  INFO 3888 --- [wojetpmtool] [  restartedMain] o.f.core.internal.command.DbMigrate      : Migrating schema "public" to version "1 - identity and tenancy"
2026-08-31T15:59:03.188-04:00  INFO 3888 --- [wojetpmtool] [  restartedMain] o.f.core.internal.command.DbMigrate      : Successfully applied 1 migration to schema "public", now at version v1 (execution time 00:00.254s)
2026-08-31T15:59:03.643-04:00  INFO 3888 --- [wojetpmtool] [  restartedMain] o.hibernate.jpa.internal.util.LogHelper  : HHH000204: Processing PersistenceUnitInfo [name: default]
2026-08-31T15:59:04.009-04:00  INFO 3888 --- [wojetpmtool] [  restartedMain] org.hibernate.Version                    : HHH000412: Hibernate ORM core version 6.6.13.Final
2026-08-31T15:59:04.144-04:00  INFO 3888 --- [wojetpmtool] [  restartedMain] o.h.c.internal.RegionFactoryInitiator    : HHH000026: Second-level cache disabled
2026-08-31T15:59:05.920-04:00  INFO 3888 --- [wojetpmtool] [  restartedMain] o.s.o.j.p.SpringPersistenceUnitInfo      : No LoadTimeWeaver setup: ignoring JPA class transformer
2026-08-31T15:59:06.139-04:00  WARN 3888 --- [wojetpmtool] [  restartedMain] org.hibernate.orm.deprecation            : HHH90000025: PostgreSQLDialect does not need to be specified explicitly using 'hibernate.dialect' (remove the property setting and it will be selected by default)
2026-08-31T15:59:06.233-04:00  INFO 3888 --- [wojetpmtool] [  restartedMain] org.hibernate.orm.connections.pooling    : HHH10001005: Database info:
	Database JDBC URL [Connecting through datasource 'HikariDataSource (HikariPool-1)']
	Database driver: undefined/unknown
	Database version: 17.11
	Autocommit mode: undefined/unknown
	Isolation level: undefined/unknown
	Minimum pool size: undefined/unknown
	Maximum pool size: undefined/unknown
2026-08-31T15:59:06.254-04:00 DEBUG 3888 --- [wojetpmtool] [  restartedMain] o.h.t.d.sql.spi.DdlTypeRegistry          : addDescriptor(2003, org.hibernate.type.descriptor.sql.internal.ArrayDdlTypeImpl@47a3df5b) replaced previous registration(org.hibernate.type.descriptor.sql.internal.ArrayDdlTypeImpl@73767bb7)
2026-08-31T15:59:06.256-04:00 DEBUG 3888 --- [wojetpmtool] [  restartedMain] o.h.t.d.sql.spi.DdlTypeRegistry          : addDescriptor(6, org.hibernate.type.descriptor.sql.internal.CapacityDependentDdlType@2041cbb3) replaced previous registration(org.hibernate.type.descriptor.sql.internal.DdlTypeImpl@51a39276)
2026-08-31T15:59:10.468-04:00  INFO 3888 --- [wojetpmtool] [  restartedMain] o.h.e.t.j.p.i.JtaPlatformInitiator       : HHH000489: No JTA platform available (set 'hibernate.transaction.jta.platform' to enable JTA platform integration)
2026-08-31T15:59:11.120-04:00  INFO 3888 --- [wojetpmtool] [  restartedMain] j.LocalContainerEntityManagerFactoryBean : Initialized JPA EntityManagerFactory for persistence unit 'default'
2026-08-31T15:59:13.862-04:00  INFO 3888 --- [wojetpmtool] [  restartedMain] o.s.d.j.r.query.QueryEnhancerFactory     : Hibernate is in classpath; If applicable, HQL parser will be used.
2026-08-31T15:59:16.526-04:00  WARN 3888 --- [wojetpmtool] [  restartedMain] JpaBaseConfiguration$JpaWebConfiguration : spring.jpa.open-in-view is enabled by default. Therefore, database queries may be performed during view rendering. Explicitly configure spring.jpa.open-in-view to disable this warning
2026-08-31T15:59:16.687-04:00  WARN 3888 --- [wojetpmtool] [  restartedMain] .s.s.UserDetailsServiceAutoConfiguration : 

Using generated security password: 7f655155-d155-4798-b33e-fb6f81117a58

This generated password is for development use only. Your security configuration must be updated before running your application in production.

2026-08-31T15:59:16.725-04:00  INFO 3888 --- [wojetpmtool] [  restartedMain] r$InitializeUserDetailsManagerConfigurer : Global AuthenticationManager configured with UserDetailsService bean with name inMemoryUserDetailsManager
2026-08-31T15:59:18.501-04:00  INFO 3888 --- [wojetpmtool] [  restartedMain] o.s.b.a.e.web.EndpointLinksResolver      : Exposing 1 endpoint beneath base path '/actuator'
2026-08-31T15:59:21.232-04:00  INFO 3888 --- [wojetpmtool] [  restartedMain] o.s.b.d.a.OptionalLiveReloadServer       : LiveReload server is running on port 35729
2026-08-31T15:59:21.520-04:00  INFO 3888 --- [wojetpmtool] [  restartedMain] o.s.b.w.embedded.tomcat.TomcatWebServer  : Tomcat started on port 8080 (http) with context path '/'
2026-08-31T15:59:21.602-04:00  INFO 3888 --- [wojetpmtool] [  restartedMain] com.wojet.pmtool.PmtoolApplication       : Started PmtoolApplication in 39.237 seconds (process running for 41.434)
2026-08-31T15:59:41.379-04:00  INFO 3888 --- [wojetpmtool] [nio-8080-exec-1] o.a.c.c.C.[Tomcat].[localhost].[/]       : Initializing Spring DispatcherServlet 'dispatcherServlet'
2026-08-31T15:59:41.380-04:00  INFO 3888 --- [wojetpmtool] [nio-8080-exec-1] o.s.web.servlet.DispatcherServlet        : Initializing Servlet 'dispatcherServlet'
2026-08-31T15:59:41.385-04:00  INFO 3888 --- [wojetpmtool] [nio-8080-exec-1] o.s.web.servlet.DispatcherServlet        : Completed initialization in 4 ms
[INFO] ------------------------------------------------------------------------
[INFO] BUILD FAILURE
[INFO] ------------------------------------------------------------------------
[INFO] Total time:  01:12 h
[INFO] Finished at: 2026-08-31T17:11:14-04:00
[INFO] ------------------------------------------------------------------------
[ERROR] Failed to execute goal org.springframework.boot:spring-boot-maven-plugin:3.4.5:run (default-cli) on project pmtool: Process terminated with exit code: 1 -> [Help 1]
[ERROR] 
[ERROR] To see the full stack trace of the errors, re-run Maven with the -e switch.
[ERROR] Re-run Maven using the -X switch to enable full debug logging.
[ERROR] 
[ERROR] For more information about the errors and possible solutions, please read the following articles:
[ERROR] [Help 1] http://cwiki.apache.org/confluence/display/MAVEN/MojoExecutionException
